Microchip MPLAB XC8 Compiler V2.46

Linker command line:

-W-3 \
  --edf=C:\Program Files\Microchip\xc8\v2.46\pic\dat\20240104201356_en.msgs \
  -cn -h+dist/default/debug\ADC_w_LCD.X.debug.sym \
  --cmf=dist/default/debug\ADC_w_LCD.X.debug.cmf -z -Q18F47K42 \
  -oC:\Users\alroc\AppData\Local\Temp\xcAsk04.\driver_tmp_3.o \
  --defsym=__MPLAB_BUILD=1 --fixupoverflow=error \
  -Mdist/default/debug/ADC_w_LCD.X.debug.map \
  --md=C:\Users\alroc\AppData\Local\Temp\xcAsk04.\driver_tmp_0.dat -E1 \
  -ver=XC8 Compiler --acfsm=1493 -ACODE=00h-01FFFFh -ACONST=00h-01FFFFh \
  -ASMALLCONST=02000h-020FFhx480 \
  -AMEDIUMCONST=02000h-0FFFFh,012000h-01FFFFh -ACOMRAM=01h-05Fh \
  -AABS1=00h-01FFFh -ABIGRAM=01h-01FFFh -ARAM=060h-0FFh,0100h-01FFhx31 \
  -ABANK0=060h-0FFh -ABANK1=0100h-01FFh -ABANK2=0200h-02FFh \
  -ABANK3=0300h-03FFh -ABANK4=0400h-04FFh -ABANK5=0500h-05FFh \
  -ABANK6=0600h-06FFh -ABANK7=0700h-07FFh -ABANK8=0800h-08FFh \
  -ABANK9=0900h-09FFh -ABANK10=0A00h-0AFFh -ABANK11=0B00h-0BFFh \
  -ABANK12=0C00h-0CFFh -ABANK13=0D00h-0DFFh -ABANK14=0E00h-0EFFh \
  -ABANK15=0F00h-0FFFh -ABANK16=01000h-010FFh -ABANK17=01100h-011FFh \
  -ABANK18=01200h-012FFh -ABANK19=01300h-013FFh -ABANK20=01400h-014FFh \
  -ABANK21=01500h-015FFh -ABANK22=01600h-016FFh -ABANK23=01700h-017FFh \
  -ABANK24=01800h-018FFh -ABANK25=01900h-019FFh -ABANK26=01A00h-01AFFh \
  -ABANK27=01B00h-01BFFh -ABANK28=01C00h-01CFFh -ABANK29=01D00h-01DFFh \
  -ABANK30=01E00h-01EFFh -ABANK31=01F00h-01FFFh \
  -ASFR=03800h-038FFhx7,03F00h-03F5Fh,03F60h-03FFFh -ABIGSFR=03800h-03FFFh \
  -ACONFIG=0300000h-0300009h -AIDLOC=0200000h-020000Fh \
  -AEEDATA=0310000h-03103FFh -peeprom_data=EEDATA -preset_vec=00h \
  -ppowerup=CODE,init -pramtop=02000h -psmallconst=SMALLCONST \
  -pmediumconst=MEDIUMCONST -pconst=CONST -AFARRAM=00h-00h \
  -prdata=COMRAM,nvrram=COMRAM,nvbit=COMRAM,rbss=COMRAM,rbit=COMRAM \
  -pfarbss=FARRAM,fardata=FARRAM,nvFARRAM=FARRAM \
  -pintsave_regs=BIGRAM,bigbss=BIGRAM,bigdata=BIGRAM -pbss=RAM \
  -pidata=CODE,irdata=CODE,ibigdata=CODE,ifardata=CODE -prparam=COMRAM \
  C:\Users\alroc\AppData\Local\Temp\xcAsk04.\driver_tmp_14.o \
  dist/default/debug\ADC_w_LCD.X.debug.o 

Object code version is 3.11

Machine type is 18F47K42



                Name                               Link     Load   Length Selector   Space Scale
C:\Users\alroc\AppData\Local\Temp\xcAsk04.\driver_tmp_14.o
                config                           300000   300000        A        0       4
                init                              1FFFC    1FFFC        4     FFFE       0
                reset_vec                             0        0        4        0       0
dist/default/debug\ADC_w_LCD.X.debug.o
                config                           300000   300000        A        0       4
                smallconst                         2000     2000       22     1000       0
                text32                             462E     462E       36     1011       0
                text31                             43F4     43F4       4A     1011       0
                text30                             46F8     46F8       1E     1011       0
                text29                             4664     4664       2E     1011       0
                text28                             46DA     46DA       1E     1011       0
                text27                             4268     4268       72     1011       0
                text26                             450A     450A       40     1011       0
                text25                             3A96     3A96      1B4     1011       0
                text24                             32DA     32DA      39A     1011       0
                text23                             41BE     41BE       AA     1011       0
                text22                             3E5A     3E5A      104     1011       0
                text21                             2E8C     2E8C      44E     1011       0
                text20                             45C0     45C0       38     1011       0
                text19                             29CC     29CC      4C0     1011       0
                text18                             443E     443E       46     1011       0
                text17                             3D54     3D54      106     1011       0
                text16                             3F5E     3F5E       FE     1011       0
                text15                             3674     3674      212     1011       0
                text14                             439E     439E       56     1011       0
                text13                             44C8     44C8       42     1011       0
                text12                             4716     4716        2     1011       0
                text11                             4112     4112       AC     1011       0
                text10                             454A     454A       3C     1011       0
                text9                              433C     433C       62     1011       0
                text8                              4586     4586       3A     1011       0
                text7                              2022     2022      9AA     1011       0
                text6                              4692     4692       2A     1011       0
                text5                              405C     405C       B6     1011       0
                text4                              3886     3886      210     1011       0
                text3                              4484     4484       44     1011       0
                text2                              45F8     45F8       36     1011       0
                text1                              42DA     42DA       62     1011       0
                text0                              3C4A     3C4A      10A     1011       0
                cstackCOMRAM                          1        1       57        1       1
                cstackBANK0                          CA       CA       32       60       1
                bssBANK0                             60       60       6A       60       1
                bssCOMRAM                            58       58        7        1       1
                cinit                              46BC     46BC       1E     1011       0

TOTAL           Name                               Link     Load   Length     Space
        CLASS   CODE           
                init                              1FFFC    1FFFC        4         0
                reset_vec                             0        0        4         0
                text32                             462E     462E       36         0
                text31                             43F4     43F4       4A         0
                text30                             46F8     46F8       1E         0
                text29                             4664     4664       2E         0
                text28                             46DA     46DA       1E         0
                text27                             4268     4268       72         0
                text26                             450A     450A       40         0
                text25                             3A96     3A96      1B4         0
                text24                             32DA     32DA      39A         0
                text23                             41BE     41BE       AA         0
                text22                             3E5A     3E5A      104         0
                text21                             2E8C     2E8C      44E         0
                text20                             45C0     45C0       38         0
                text19                             29CC     29CC      4C0         0
                text18                             443E     443E       46         0
                text17                             3D54     3D54      106         0
                text16                             3F5E     3F5E       FE         0
                text15                             3674     3674      212         0
                text14                             439E     439E       56         0
                text13                             44C8     44C8       42         0
                text12                             4716     4716        2         0
                text11                             4112     4112       AC         0
                text10                             454A     454A       3C         0
                text9                              433C     433C       62         0
                text8                              4586     4586       3A         0
                text7                              2022     2022      9AA         0
                text6                              4692     4692       2A         0
                text5                              405C     405C       B6         0
                text4                              3886     3886      210         0
                text3                              4484     4484       44         0
                text2                              45F8     45F8       36         0
                text1                              42DA     42DA       62         0
                text0                              3C4A     3C4A      10A         0
                cinit                              46BC     46BC       1E         0

        CLASS   CONST          

        CLASS   SMALLCONST     
                smallconst                         2000     2000       22         0

        CLASS   MEDIUMCONST    

        CLASS   COMRAM         
                cstackCOMRAM                          1        1       57         1
                bssCOMRAM                            58       58        7         1

        CLASS   ABS1           

        CLASS   BIGRAM         

        CLASS   RAM            

        CLASS   BANK0          
                cstackBANK0                          CA       CA       32         1
                bssBANK0                             60       60       6A         1

        CLASS   BANK1          

        CLASS   BANK2          

        CLASS   BANK3          

        CLASS   BANK4          

        CLASS   BANK5          

        CLASS   BANK6          

        CLASS   BANK7          

        CLASS   BANK8          

        CLASS   BANK9          

        CLASS   BANK10         

        CLASS   BANK11         

        CLASS   BANK12         

        CLASS   BANK13         

        CLASS   BANK14         

        CLASS   BANK15         

        CLASS   BANK16         

        CLASS   BANK17         

        CLASS   BANK18         

        CLASS   BANK19         

        CLASS   BANK20         

        CLASS   BANK21         

        CLASS   BANK22         

        CLASS   BANK23         

        CLASS   BANK24         

        CLASS   BANK25         

        CLASS   BANK26         

        CLASS   BANK27         

        CLASS   BANK28         

        CLASS   BANK29         

        CLASS   BANK30         

        CLASS   BANK31         

        CLASS   SFR            

        CLASS   BIGSFR         

        CLASS   CONFIG         
                config                           300000   300000        A         4

        CLASS   IDLOC          

        CLASS   EEDATA         

        CLASS   FARRAM         

        CLASS   HEAP           

        CLASS   STACK          



SEGMENTS        Name                           Load    Length   Top    Selector   Space  Class

                reset_vec                      000000  000004  000004         0       0  CODE    
                cstackCOMRAM                   000001  00005E  00005F         1       1  COMRAM  
                bssBANK0                       000060  00009C  0000FC        60       1  BANK0   
                smallconst                     002000  000022  002022      1000       0  SMALLCON
                text7                          002022  0026F6  004718      1011       0  CODE    
                init                           01FFFC  000004  020000      FFFE       0  CODE    


UNUSED ADDRESS RANGES

        Name                Unused          Largest block    Delta
        BANK0            0000FC-0000FF                4
        BANK1            000100-0001FF              100
        BANK10           000A00-000AFF              100
        BANK11           000B00-000BFF              100
        BANK12           000C00-000CFF              100
        BANK13           000D00-000DFF              100
        BANK14           000E00-000EFF              100
        BANK15           000F00-000FFF              100
        BANK16           001000-0010FF              100
        BANK17           001100-0011FF              100
        BANK18           001200-0012FF              100
        BANK19           001300-0013FF              100
        BANK2            000200-0002FF              100
        BANK20           001400-0014FF              100
        BANK21           001500-0015FF              100
        BANK22           001600-0016FF              100
        BANK23           001700-0017FF              100
        BANK24           001800-0018FF              100
        BANK25           001900-0019FF              100
        BANK26           001A00-001AFF              100
        BANK27           001B00-001BFF              100
        BANK28           001C00-001CFF              100
        BANK29           001D00-001DFF              100
        BANK3            000300-0003FF              100
        BANK30           001E00-001EFF              100
        BANK31           001F00-001FFF              100
        BANK4            000400-0004FF              100
        BANK5            000500-0005FF              100
        BANK6            000600-0006FF              100
        BANK7            000700-0007FF              100
        BANK8            000800-0008FF              100
        BANK9            000900-0009FF              100
        BIGRAM           00005F-00005F                1
                         0000FC-001FFF             1F04
        BIGSFR           003800-003FFF              800
        CODE             000004-001FFF             1FFC
                         004718-01FFFB            1B8E4
        COMRAM           00005F-00005F                1
        CONST            000004-001FFF             1FFC
                         004718-01FFFB            1B8E4
        EEDATA           310000-3103FF              400
        IDLOC            200000-20000F               10
        MEDIUMCONST      004718-00FFFF             B8E8
                         012000-01FFFB             DFFC
        RAM              0000FC-001FFF              100
        SFR              003800-003FFF              100
        SMALLCONST       004718-01FFFB              100

                                  Symbol Table

?___fladd                   cstackCOMRAM 000001
?___fldiv                   cstackCOMRAM 000001
?___flmul                   cstackCOMRAM 00000F
?___flneg                   cstackCOMRAM 000001
?___flsub                   cstackCOMRAM 000028
?___fltol                   cstackCOMRAM 000001
?___fpclassifyf             cstackCOMRAM 000001
?___wmul                    cstackCOMRAM 000001
?___xxtofl                  cstackCOMRAM 000001
?_floorf                    cstackCOMRAM 00001A
?_labs                      cstackCOMRAM 000001
?_read_prec_or_width        cstackCOMRAM 000007
?_sprintf                   cstackBANK0  0000F6
?_vfprintf                  cstackCOMRAM 000045
LCD_Char@dat                cstackCOMRAM 000007
LCD_Command@cmd             cstackCOMRAM 000007
LCD_String@msg              cstackCOMRAM 000008
LCD_String_xy@location      cstackCOMRAM 00000E
LCD_String_xy@msg           cstackCOMRAM 00000B
LCD_String_xy@pos           cstackCOMRAM 00000A
LCD_String_xy@row           cstackCOMRAM 00000D
MSdelay@i                   cstackCOMRAM 000003
MSdelay@j                   cstackCOMRAM 000005
MSdelay@val                 cstackCOMRAM 000001
_ADACQH                     (abs)        003EF4
_ADACQL                     (abs)        003EF3
_ADCLK                      (abs)        003EFF
_ADCON0bits                 (abs)        003EF8
_ADC_Init                   text32       00462E
_ADPCH                      (abs)        003EF1
_ADPREH                     (abs)        003EF7
_ADPREL                     (abs)        003EF6
_ADRESH                     (abs)        003EF0
_ADRESL                     (abs)        003EEF
_ANSELAbits                 (abs)        003A40
_LATB                       (abs)        003FBB
_LATD0                      (abs)        01FDE8
_LATD1                      (abs)        01FDE9
_LCD_Char                   text28       0046DA
_LCD_Command                text30       0046F8
_LCD_Init                   text29       004664
_LCD_String                 text27       004268
_LCD_String_xy              text26       00450A
_MSdelay                    text31       0043F4
_TRISAbits                  (abs)        003FC2
_TRISB                      (abs)        003FC3
_TRISD                      (abs)        003FC5
__HRAM                      (abs)        000000
__H__absolute__             __absolute__ 000000
__Habs1                     abs1         000000
__Hbank0                    bank0        000000
__Hbank1                    bank1        000000
__Hbank10                   bank10       000000
__Hbank11                   bank11       000000
__Hbank12                   bank12       000000
__Hbank13                   bank13       000000
__Hbank14                   bank14       000000
__Hbank15                   bank15       000000
__Hbank16                   bank16       000000
__Hbank17                   bank17       000000
__Hbank18                   bank18       000000
__Hbank19                   bank19       000000
__Hbank2                    bank2        000000
__Hbank20                   bank20       000000
__Hbank21                   bank21       000000
__Hbank22                   bank22       000000
__Hbank23                   bank23       000000
__Hbank24                   bank24       000000
__Hbank25                   bank25       000000
__Hbank26                   bank26       000000
__Hbank27                   bank27       000000
__Hbank28                   bank28       000000
__Hbank29                   bank29       000000
__Hbank3                    bank3        000000
__Hbank30                   bank30       000000
__Hbank31                   bank31       000000
__Hbank4                    bank4        000000
__Hbank5                    bank5        000000
__Hbank6                    bank6        000000
__Hbank7                    bank7        000000
__Hbank8                    bank8        000000
__Hbank9                    bank9        000000
__Hbigbss                   bigbss       000000
__Hbigdata                  bigdata      000000
__Hbigram                   bigram       000000
__Hbigsfr                   bigsfr       000000
__Hbss                      bss          000000
__HbssBANK0                 bssBANK0     000000
__HbssCOMRAM                bssCOMRAM    000000
__Hcinit                    cinit        000000
__Hclrtext                  clrtext      000000
__Hcomram                   comram       000000
__Hconfig                   config       30000A
__Hconst                    const        000000
__HcstackBANK0              cstackBANK0  000000
__HcstackCOMRAM             cstackCOMRAM 000000
__Hdata                     data         000000
__Heeprom_data              eeprom_data  000000
__Hfarbss                   farbss       000000
__Hfardata                  fardata      000000
__Hheap                     heap         000000
__Hibigdata                 ibigdata     000000
__Hidata                    idata        000000
__Hidloc                    idloc        000000
__Hifardata                 ifardata     000000
__Hinit                     init         020000
__Hintsave_regs             intsave_regs 000000
__Hirdata                   irdata       000000
__Hmediumconst              mediumconst  000000
__HnvFARRAM                 nvFARRAM     000000
__Hnvbit                    nvbit        000000
__Hnvrram                   nvrram       000000
__Hparam                    rparam       000000
__Hpowerup                  powerup      000000
__Hram                      ram          000000
__Hramtop                   ramtop       002000
__Hrbit                     rbit         000000
__Hrbss                     rbss         000000
__Hrdata                    rdata        000000
__Hreset_vec                reset_vec    000004
__Hrparam                   rparam       000000
__Hsfr                      sfr          000000
__Hsmallconst               smallconst   002022
__Hspace_0                  (abs)        020000
__Hspace_1                  (abs)        0000FC
__Hspace_2                  (abs)        000000
__Hspace_4                  (abs)        60000A
__Hstack                    stack        000000
__Hstruct                   struct       000000
__Htemp                     temp         000000
__Htext                     text         000000
__Htext0                    text0        000000
__Htext1                    text1        000000
__Htext10                   text10       000000
__Htext11                   text11       000000
__Htext12                   text12       000000
__Htext13                   text13       000000
__Htext14                   text14       000000
__Htext15                   text15       000000
__Htext16                   text16       000000
__Htext17                   text17       000000
__Htext18                   text18       000000
__Htext19                   text19       000000
__Htext2                    text2        000000
__Htext20                   text20       000000
__Htext21                   text21       000000
__Htext22                   text22       000000
__Htext23                   text23       000000
__Htext24                   text24       000000
__Htext25                   text25       000000
__Htext26                   text26       000000
__Htext27                   text27       000000
__Htext28                   text28       000000
__Htext29                   text29       000000
__Htext3                    text3        000000
__Htext30                   text30       000000
__Htext31                   text31       000000
__Htext32                   text32       000000
__Htext4                    text4        000000
__Htext5                    text5        000000
__Htext6                    text6        000000
__Htext7                    text7        000000
__Htext8                    text8        000000
__Htext9                    text9        000000
__LRAM                      (abs)        000001
__L__absolute__             __absolute__ 000000
__Labs1                     abs1         000000
__Lbank0                    bank0        000000
__Lbank1                    bank1        000000
__Lbank10                   bank10       000000
__Lbank11                   bank11       000000
__Lbank12                   bank12       000000
__Lbank13                   bank13       000000
__Lbank14                   bank14       000000
__Lbank15                   bank15       000000
__Lbank16                   bank16       000000
__Lbank17                   bank17       000000
__Lbank18                   bank18       000000
__Lbank19                   bank19       000000
__Lbank2                    bank2        000000
__Lbank20                   bank20       000000
__Lbank21                   bank21       000000
__Lbank22                   bank22       000000
__Lbank23                   bank23       000000
__Lbank24                   bank24       000000
__Lbank25                   bank25       000000
__Lbank26                   bank26       000000
__Lbank27                   bank27       000000
__Lbank28                   bank28       000000
__Lbank29                   bank29       000000
__Lbank3                    bank3        000000
__Lbank30                   bank30       000000
__Lbank31                   bank31       000000
__Lbank4                    bank4        000000
__Lbank5                    bank5        000000
__Lbank6                    bank6        000000
__Lbank7                    bank7        000000
__Lbank8                    bank8        000000
__Lbank9                    bank9        000000
__Lbigbss                   bigbss       000000
__Lbigdata                  bigdata      000000
__Lbigram                   bigram       000000
__Lbigsfr                   bigsfr       000000
__Lbss                      bss          000000
__LbssBANK0                 bssBANK0     000000
__LbssCOMRAM                bssCOMRAM    000000
__Lcinit                    cinit        000000
__Lclrtext                  clrtext      000000
__Lcomram                   comram       000000
__Lconfig                   config       000000
__Lconst                    const        000000
__LcstackBANK0              cstackBANK0  000000
__LcstackCOMRAM             cstackCOMRAM 000000
__Ldata                     data         000000
__Leeprom_data              eeprom_data  000000
__Lfarbss                   farbss       000000
__Lfardata                  fardata      000000
__Lheap                     heap         000000
__Libigdata                 ibigdata     000000
__Lidata                    idata        000000
__Lidloc                    idloc        000000
__Lifardata                 ifardata     000000
__Linit                     init         01FFFC
__Lintsave_regs             intsave_regs 000000
__Lirdata                   irdata       000000
__Lmediumconst              mediumconst  000000
__LnvFARRAM                 nvFARRAM     000000
__Lnvbit                    nvbit        000000
__Lnvrram                   nvrram       000000
__Lparam                    rparam       000000
__Lpowerup                  powerup      000000
__Lram                      ram          000000
__Lramtop                   ramtop       002000
__Lrbit                     rbit         000000
__Lrbss                     rbss         000000
__Lrdata                    rdata        000000
__Lreset_vec                reset_vec    000000
__Lrparam                   rparam       000000
__Lsfr                      sfr          000000
__Lsmallconst               smallconst   002000
__Lspace_0                  (abs)        000000
__Lspace_1                  (abs)        000000
__Lspace_2                  (abs)        000000
__Lspace_4                  (abs)        000000
__Lstack                    stack        000000
__Lstruct                   struct       000000
__Ltemp                     temp         000000
__Ltext                     text         000000
__Ltext0                    text0        000000
__Ltext1                    text1        000000
__Ltext10                   text10       000000
__Ltext11                   text11       000000
__Ltext12                   text12       000000
__Ltext13                   text13       000000
__Ltext14                   text14       000000
__Ltext15                   text15       000000
__Ltext16                   text16       000000
__Ltext17                   text17       000000
__Ltext18                   text18       000000
__Ltext19                   text19       000000
__Ltext2                    text2        000000
__Ltext20                   text20       000000
__Ltext21                   text21       000000
__Ltext22                   text22       000000
__Ltext23                   text23       000000
__Ltext24                   text24       000000
__Ltext25                   text25       000000
__Ltext26                   text26       000000
__Ltext27                   text27       000000
__Ltext28                   text28       000000
__Ltext29                   text29       000000
__Ltext3                    text3        000000
__Ltext30                   text30       000000
__Ltext31                   text31       000000
__Ltext32                   text32       000000
__Ltext4                    text4        000000
__Ltext5                    text5        000000
__Ltext6                    text6        000000
__Ltext7                    text7        000000
__Ltext8                    text8        000000
__Ltext9                    text9        000000
__S0                        (abs)        020000
__S1                        (abs)        0000FC
__S4                        (abs)        000000
__S5                        (abs)        000000
___fladd                    text19       0029CC
___fladd@a                  cstackCOMRAM 000005
___fladd@aexp               cstackCOMRAM 00000E
___fladd@b                  cstackCOMRAM 000001
___fladd@bexp               cstackCOMRAM 00000F
___fladd@grs                cstackCOMRAM 000010
___fladd@signs              cstackCOMRAM 00000D
___fldiv                    text24       0032DA
___fldiv@a                  cstackCOMRAM 000005
___fldiv@aexp               cstackCOMRAM 000019
___fldiv@b                  cstackCOMRAM 000001
___fldiv@bexp               cstackCOMRAM 000018
___fldiv@grs                cstackCOMRAM 000014
___fldiv@new_exp            cstackCOMRAM 000012
___fldiv@rem                cstackCOMRAM 00000D
___fldiv@sign               cstackCOMRAM 000011
___fleq                     text23       0041BE
___fleq@ff1                 cstackCOMRAM 000001
___fleq@ff2                 cstackCOMRAM 000005
___flge                     text22       003E5A
___flge@ff1                 cstackCOMRAM 000028
___flge@ff2                 cstackCOMRAM 00002C
___flmul                    text21       002E8C
___flmul@a                  cstackCOMRAM 000013
___flmul@aexp               cstackCOMRAM 000020
___flmul@b                  cstackCOMRAM 00000F
___flmul@bexp               cstackCOMRAM 000021
___flmul@grs                cstackCOMRAM 00001C
___flmul@prod               cstackCOMRAM 000022
___flmul@sign               cstackCOMRAM 00001B
___flmul@temp               cstackCOMRAM 000026
___flneg                    text20       0045C0
___flneg@f1                 cstackCOMRAM 000001
___flsub                    text18       00443E
___flsub@a                  cstackCOMRAM 00002C
___flsub@b                  cstackCOMRAM 000028
___fltol                    text17       003D54
___fltol@exp1               cstackCOMRAM 00000A
___fltol@f1                 cstackCOMRAM 000001
___fltol@sign1              cstackCOMRAM 000009
___fpclassifyf              text16       003F5E
___fpclassifyf@F465         bssBANK0     000064
___fpclassifyf@e            cstackCOMRAM 000009
___fpclassifyf@u            cstackCOMRAM 00000B
___fpclassifyf@x            cstackCOMRAM 000001
___heap_hi                  (abs)        000000
___heap_lo                  (abs)        000000
___inthi_sp                 stack        000000
___inthi_stack_hi           stack        000000
___inthi_stack_lo           stack        000000
___intlo_sp                 stack        000000
___intlo_stack_hi           stack        000000
___intlo_stack_lo           stack        000000
___param_bank               (abs)        000000
___rparam_used              (abs)        000001
___sp                       stack        000000
___stack_hi                 stack        000000
___stack_lo                 stack        000000
___wmul                     text6        004692
___wmul@multiplicand        cstackCOMRAM 000003
___wmul@multiplier          cstackCOMRAM 000001
___wmul@product             cstackCOMRAM 000005
___xxtofl                   text25       003A96
___xxtofl@arg               cstackCOMRAM 00000B
___xxtofl@exp               cstackCOMRAM 00000A
___xxtofl@sign              cstackCOMRAM 000009
___xxtofl@val               cstackCOMRAM 000001
__accesstop                 (abs)        000060
__activetblptr              (abs)        000003
__end_of_ADC_Init           text32       004664
__end_of_LCD_Char           text28       0046F8
__end_of_LCD_Command        text30       004716
__end_of_LCD_Init           text29       004692
__end_of_LCD_String         text27       0042DA
__end_of_LCD_String_xy      text26       00454A
__end_of_MSdelay            text31       00443E
__end_of___fladd            text19       002E8C
__end_of___fldiv            text24       003674
__end_of___fleq             text23       004268
__end_of___flge             text22       003F5E
__end_of___flmul            text21       0032DA
__end_of___flneg            text20       0045F8
__end_of___flsub            text18       004484
__end_of___fltol            text17       003E5A
__end_of___fpclassifyf      text16       00405C
__end_of___wmul             text6        0046BC
__end_of___xxtofl           text25       003C4A
__end_of__initialization    cinit        0046D4
__end_of_efgtoa             text7        0029CC
__end_of_floorf             text15       003886
__end_of_fputc              text11       0041BE
__end_of_fputs              text10       004586
__end_of_labs               text14       0043F4
__end_of_main               text0        003D54
__end_of_memcpy             text13       00450A
__end_of_pad                text9        00439E
__end_of_putch              text12       004718
__end_of_read_prec_or_width text5        004112
__end_of_sprintf            text2        00462E
__end_of_strcat             text1        00433C
__end_of_strcpy             text8        0045C0
__end_of_vfpfcnvrt          text4        003A96
__end_of_vfprintf           text3        0044C8
__initialization            cinit        0046BC
__mediumconst               mediumconst  000000
__pbssBANK0                 bssBANK0     000060
__pbssCOMRAM                bssCOMRAM    000058
__pcinit                    cinit        0046BC
__pcstackBANK0              cstackBANK0  0000CA
__pcstackCOMRAM             cstackCOMRAM 000001
__psmallconst               smallconst   002000
__ptext0                    text0        003C4A
__ptext1                    text1        0042DA
__ptext10                   text10       00454A
__ptext11                   text11       004112
__ptext12                   text12       004716
__ptext13                   text13       0044C8
__ptext14                   text14       00439E
__ptext15                   text15       003674
__ptext16                   text16       003F5E
__ptext17                   text17       003D54
__ptext18                   text18       00443E
__ptext19                   text19       0029CC
__ptext2                    text2        0045F8
__ptext20                   text20       0045C0
__ptext21                   text21       002E8C
__ptext22                   text22       003E5A
__ptext23                   text23       0041BE
__ptext24                   text24       0032DA
__ptext25                   text25       003A96
__ptext26                   text26       00450A
__ptext27                   text27       004268
__ptext28                   text28       0046DA
__ptext29                   text29       004664
__ptext3                    text3        004484
__ptext30                   text30       0046F8
__ptext31                   text31       0043F4
__ptext32                   text32       00462E
__ptext4                    text4        003886
__ptext5                    text5        00405C
__ptext6                    text6        004692
__ptext7                    text7        002022
__ptext8                    text8        004586
__ptext9                    text9        00433C
__ramtop                    ramtop       002000
__smallconst                smallconst   002000
_data                       bssBANK0     0000C0
_dbuf                       bssBANK0     000070
_digital                    bssCOMRAM    00005C
_efgtoa                     text7        002022
_efgtoa$796                 cstackBANK0  0000D0
_flags                      bssCOMRAM    00005E
_floorf                     text15       003674
_fputc                      text11       004112
_fputs                      text10       00454A
_labs                       text14       00439E
_lux                        bssBANK0     000068
_main                       text0        003C4A
_memcpy                     text13       0044C8
_pad                        text9        00433C
_prec                       bssCOMRAM    00005A
_putch                      text12       004716
_read_prec_or_width         text5        00405C
_sprintf                    text2        0045F8
_strcat                     text1        0042DA
_strcpy                     text8        004586
_vfpfcnvrt                  text4        003886
_vfprintf                   text3        004484
_voltage                    bssBANK0     00006C
_width                      bssCOMRAM    000058
efgtoa@c                    cstackCOMRAM 000039
efgtoa@d                    cstackBANK0  0000D5
efgtoa@e                    cstackBANK0  0000D9
efgtoa@f                    cstackCOMRAM 000035
efgtoa@fp                   cstackCOMRAM 000034
efgtoa@g                    cstackBANK0  0000EE
efgtoa@h                    cstackBANK0  0000E3
efgtoa@i                    cstackBANK0  0000E1
efgtoa@l                    cstackBANK0  0000E7
efgtoa@m                    cstackBANK0  0000D7
efgtoa@mode                 cstackBANK0  0000D3
efgtoa@n                    cstackBANK0  0000EC
efgtoa@ne                   cstackBANK0  0000CA
efgtoa@nmode                cstackBANK0  0000D4
efgtoa@ou                   cstackBANK0  0000DD
efgtoa@p                    cstackBANK0  0000CC
efgtoa@pp                   cstackBANK0  0000D2
efgtoa@sign                 cstackBANK0  0000EB
efgtoa@t                    cstackBANK0  0000CE
efgtoa@u                    cstackBANK0  0000F2
efgtoa@w                    cstackBANK0  0000DB
end_of_initialization       cinit        0046D4
floorf@F521                 bssBANK0     000060
floorf@e                    cstackCOMRAM 000028
floorf@m                    cstackCOMRAM 000024
floorf@u                    cstackCOMRAM 00002A
floorf@x                    cstackCOMRAM 00001A
fputc@c                     cstackCOMRAM 000001
fputc@fp                    cstackCOMRAM 000003
fputs@c                     cstackCOMRAM 00000B
fputs@fp                    cstackCOMRAM 00000A
fputs@i                     cstackCOMRAM 00000C
fputs@s                     cstackCOMRAM 000009
intlevel0                   text         000000
intlevel1                   text         000000
intlevel2                   text         000000
intlevel3                   text         000000
isa$std                     (abs)        000001
isa$xinst                   (abs)        000000
labs@a                      cstackCOMRAM 000001
memcpy@d                    cstackCOMRAM 000006
memcpy@d1                   cstackCOMRAM 000001
memcpy@n                    cstackCOMRAM 000003
memcpy@s                    cstackCOMRAM 000007
memcpy@s1                   cstackCOMRAM 000002
memcpy@tmp                  cstackCOMRAM 000005
pad@buf                     cstackCOMRAM 00000F
pad@fp                      cstackCOMRAM 00000E
pad@i                       cstackCOMRAM 000013
pad@p                       cstackCOMRAM 000010
read_prec_or_width@ap       cstackCOMRAM 000008
read_prec_or_width@c        cstackCOMRAM 000009
read_prec_or_width@fmt      cstackCOMRAM 000007
read_prec_or_width@n        cstackCOMRAM 00000A
sprintf@ap                  cstackCOMRAM 000049
sprintf@f                   cstackCOMRAM 00004A
sprintf@fmt                 cstackBANK0  0000F7
sprintf@s                   cstackBANK0  0000F6
stackhi                     (abs)        000000
stacklo                     (abs)        000000
start                       init         01FFFC
start_initialization        cinit        0046BC
strcat@dest                 cstackCOMRAM 000001
strcat@i                    cstackCOMRAM 000003
strcat@src                  cstackCOMRAM 000002
strcpy@d                    cstackCOMRAM 000004
strcpy@dest                 cstackCOMRAM 000001
strcpy@src                  cstackCOMRAM 000002
vfpfcnvrt@ap                cstackCOMRAM 00003D
vfpfcnvrt@c                 cstackCOMRAM 000043
vfpfcnvrt@convarg           cstackCOMRAM 00003F
vfpfcnvrt@cp                cstackCOMRAM 000044
vfpfcnvrt@fmt               cstackCOMRAM 00003C
vfpfcnvrt@fp                cstackCOMRAM 00003B
vfprintf@ap                 cstackCOMRAM 000047
vfprintf@cfmt               cstackCOMRAM 000048
vfprintf@fmt                cstackCOMRAM 000046
vfprintf@fp                 cstackCOMRAM 000045


MODULE INFORMATION

Module		Function		Class		Link	Load	Size
C:\Program Files\Microchip\xc8\v2.46\pic\sources\c99\common\fltol.c
		___fltol       		CODE           	3D54	0000	262

C:\Program Files\Microchip\xc8\v2.46\pic\sources\c99\common\fltol.c estimated size: 262

C:\Program Files\Microchip\xc8\v2.46\pic\sources\c99\common\floorf.c
		_floorf        		CODE           	3674	0000	530

C:\Program Files\Microchip\xc8\v2.46\pic\sources\c99\common\floorf.c estimated size: 530

C:\Program Files\Microchip\xc8\v2.46\pic\sources\c99\common\nf_fputc.c
		_fputc         		CODE           	4112	0000	172

C:\Program Files\Microchip\xc8\v2.46\pic\sources\c99\common\nf_fputc.c estimated size: 172

C:\Program Files\Microchip\xc8\v2.46\pic\sources\c99\common\strcat.c
		_strcat        		CODE           	42DA	0000	98

C:\Program Files\Microchip\xc8\v2.46\pic\sources\c99\common\strcat.c estimated size: 98

C:\Program Files\Microchip\xc8\v2.46\pic\sources\c99\common\xxtofl.c
		___xxtofl      		CODE           	3A96	0000	436

C:\Program Files\Microchip\xc8\v2.46\pic\sources\c99\common\xxtofl.c estimated size: 436

C:\Program Files\Microchip\xc8\v2.46\pic\sources\c99\common\flneg.c
		___flneg       		CODE           	45C0	0000	56

C:\Program Files\Microchip\xc8\v2.46\pic\sources\c99\common\flneg.c estimated size: 56

C:\Program Files\Microchip\xc8\v2.46\pic\sources\c99\common\__fpclassifyf.c
		___fpclassifyf 		CODE           	3F5E	0000	254

C:\Program Files\Microchip\xc8\v2.46\pic\sources\c99\common\__fpclassifyf.c estimated size: 254

C:\Program Files\Microchip\xc8\v2.46\pic\sources\c99\common\sprcmul.c
		___flmul       		CODE           	2E8C	0000	1102

C:\Program Files\Microchip\xc8\v2.46\pic\sources\c99\common\sprcmul.c estimated size: 1102

C:\Program Files\Microchip\xc8\v2.46\pic\sources\c99\common\strcpy.c
		_strcpy        		CODE           	4586	0000	58

C:\Program Files\Microchip\xc8\v2.46\pic\sources\c99\common\strcpy.c estimated size: 58

C:\Program Files\Microchip\xc8\v2.46\pic\sources\c99\common\sprcdiv.c
		___fldiv       		CODE           	32DA	0000	922

C:\Program Files\Microchip\xc8\v2.46\pic\sources\c99\common\sprcdiv.c estimated size: 922

C:\Program Files\Microchip\xc8\v2.46\pic\sources\c99\common\fleq.c
		___fleq        		CODE           	41BE	0000	170

C:\Program Files\Microchip\xc8\v2.46\pic\sources\c99\common\fleq.c estimated size: 170

C:\Program Files\Microchip\xc8\v2.46\pic\sources\c99\common\doprnt.c
		_read_prec_or_width		CODE           	405C	0000	182
		_vfpfcnvrt     		CODE           	3886	0000	528
		_efgtoa        		CODE           	2022	0000	2474
		_pad           		CODE           	433C	0000	98
		_vfprintf      		CODE           	4484	0000	68

C:\Program Files\Microchip\xc8\v2.46\pic\sources\c99\common\doprnt.c estimated size: 3350

C:\Program Files\Microchip\xc8\v2.46\pic\sources\c99\common\nf_sprintf.c
		_sprintf       		CODE           	45F8	0000	54

C:\Program Files\Microchip\xc8\v2.46\pic\sources\c99\common\nf_sprintf.c estimated size: 54

shared
		__initialization		CODE           	46BC	0000	24

shared estimated size: 24

C:\Program Files\Microchip\xc8\v2.46\pic\sources\c99\common\putch.c
		_putch         		CODE           	4716	0000	2

C:\Program Files\Microchip\xc8\v2.46\pic\sources\c99\common\putch.c estimated size: 2

C:\Program Files\Microchip\xc8\v2.46\pic\sources\c99\common\Umul16.c
		___wmul        		CODE           	4692	0000	42

C:\Program Files\Microchip\xc8\v2.46\pic\sources\c99\common\Umul16.c estimated size: 42

C:\Program Files\Microchip\xc8\v2.46\pic\sources\c99\common\nf_fputs.c
		_fputs         		CODE           	454A	0000	60

C:\Program Files\Microchip\xc8\v2.46\pic\sources\c99\common\nf_fputs.c estimated size: 60

ADC_w_LCD.c
		_LCD_String    		CODE           	4268	0000	114
		_LCD_Init      		CODE           	4664	0000	46
		_LCD_Command   		CODE           	46F8	0000	30
		_LCD_String_xy 		CODE           	450A	0000	64
		_main          		CODE           	3C4A	0000	266
		_LCD_Char      		CODE           	46DA	0000	30
		_MSdelay       		CODE           	43F4	0000	74
		_ADC_Init      		CODE           	462E	0000	54

ADC_w_LCD.c estimated size: 678

C:\Program Files\Microchip\xc8\v2.46\pic\sources\c99\common\sprcadd.c
		___flsub       		CODE           	443E	0000	70
		___fladd       		CODE           	29CC	0000	1216

C:\Program Files\Microchip\xc8\v2.46\pic\sources\c99\common\sprcadd.c estimated size: 1286

C:\Program Files\Microchip\xc8\v2.46\pic\sources\c99\common\memcpy.c
		_memcpy        		CODE           	44C8	0000	66

C:\Program Files\Microchip\xc8\v2.46\pic\sources\c99\common\memcpy.c estimated size: 66

C:\Program Files\Microchip\xc8\v2.46\pic\sources\c99\common\labs.c
		_labs          		CODE           	439E	0000	86

C:\Program Files\Microchip\xc8\v2.46\pic\sources\c99\common\labs.c estimated size: 86

C:\Program Files\Microchip\xc8\v2.46\pic\sources\c99\common\flge.c
		___flge        		CODE           	3E5A	0000	260

C:\Program Files\Microchip\xc8\v2.46\pic\sources\c99\common\flge.c estimated size: 260

