Microchip MPLAB XC8 PIC(R) Assembler V2.46

Linker command line:

-W-3 \
  --edf=C:\Program Files\Microchip\xc8\v2.46\pic\dat\20240104201356_en.msgs \
  -cs -h+dist/default/debug\LED_Curiosity_Module.X.debug.sym \
  --cmf=dist/default/debug\LED_Curiosity_Module.X.debug.cmf -z -Q18F47K42 \
  -oC:\Users\alroc\AppData\Local\Temp\xcAsc58.\driver_tmp_3.o \
  --fixupoverflow=error -ver=XC8 PIC(R) Assembler --fixupoverflow=lstwarn \
  -Mdist/default/debug/LED_Curiosity_Module.X.debug.map -E1 --acfsm=1493 \
  -ACODE=00h-01FFFFh -ACONST=00h-01FFFFh -ASMALLCONST=02000h-020FFhx480 \
  -AMEDIUMCONST=02000h-0FFFFh,012000h-01FFFFh -ACOMRAM=00h-05Fh \
  -AABS1=00h-01FFFh -ABIGRAM=00h-01FFFh -ARAM=060h-0FFh,0100h-01FFhx31 \
  -ABANK0=060h-0FFh -ABANK1=0100h-01FFh -ABANK2=0200h-02FFh \
  -ABANK3=0300h-03FFh -ABANK4=0400h-04FFh -ABANK5=0500h-05FFh \
  -ABANK6=0600h-06FFh -ABANK7=0700h-07FFh -ABANK8=0800h-08FFh \
  -ABANK9=0900h-09FFh -ABANK10=0A00h-0AFFh -ABANK11=0B00h-0BFFh \
  -ABANK12=0C00h-0CFFh -ABANK13=0D00h-0DFFh -ABANK14=0E00h-0EFFh \
  -ABANK15=0F00h-0FFFh -ABANK16=01000h-010FFh -ABANK17=01100h-011FFh \
  -ABANK18=01200h-012FFh -ABANK19=01300h-013FFh -ABANK20=01400h-014FFh \
  -ABANK21=01500h-015FFh -ABANK22=01600h-016FFh -ABANK23=01700h-017FFh \
  -ABANK24=01800h-018FFh -ABANK25=01900h-019FFh -ABANK26=01A00h-01AFFh \
  -ABANK27=01B00h-01BFFh -ABANK28=01C00h-01CFFh -ABANK29=01D00h-01DFFh \
  -ABANK30=01E00h-01EFFh -ABANK31=01F00h-01FFFh \
  -ASFR=03800h-038FFhx7,03F00h-03F5Fh,03F60h-03FFFh -ABIGSFR=03800h-03FFFh \
  -AIDLOC=0200000h-020000Fh -AEEDATA=0310000h-03103FFh \
  build/default/debug/led_sig_gen.o 

Object code version is 3.11

Machine type is 18F47K42



                Name                               Link     Load   Length Selector   Space Scale
build/default/debug/led_sig_gen.o
                config                           300000   300000        A        0       4
                absdata                               0        0       4E        0       0

TOTAL           Name                               Link     Load   Length     Space
        CLASS   CODE           

        CLASS   CONST          

        CLASS   SMALLCONST     

        CLASS   MEDIUMCONST    

        CLASS   COMRAM         

        CLASS   ABS1           

        CLASS   BIGRAM         

        CLASS   RAM            

        CLASS   BANK0          

        CLASS   BANK1          

        CLASS   BANK2          

        CLASS   BANK3          

        CLASS   BANK4          

        CLASS   BANK5          

        CLASS   BANK6          

        CLASS   BANK7          

        CLASS   BANK8          

        CLASS   BANK9          

        CLASS   BANK10         

        CLASS   BANK11         

        CLASS   BANK12         

        CLASS   BANK13         

        CLASS   BANK14         

        CLASS   BANK15         

        CLASS   BANK16         

        CLASS   BANK17         

        CLASS   BANK18         

        CLASS   BANK19         

        CLASS   BANK20         

        CLASS   BANK21         

        CLASS   BANK22         

        CLASS   BANK23         

        CLASS   BANK24         

        CLASS   BANK25         

        CLASS   BANK26         

        CLASS   BANK27         

        CLASS   BANK28         

        CLASS   BANK29         

        CLASS   BANK30         

        CLASS   BANK31         

        CLASS   SFR            

        CLASS   BIGSFR         

        CLASS   IDLOC          

        CLASS   EEDATA         

        CLASS   CONFIG         
                config                           300000   300000        A         4

        CLASS   UNCLASSED
                absdata                               0        0       4E         0


SEGMENTS        Name                           Load    Length   Top    Selector   Space  Class



UNUSED ADDRESS RANGES

        Name                Unused          Largest block    Delta
        BANK0            000060-0000FF               A0
        BANK1            000100-0001FF              100
        BANK10           000A00-000AFF              100
        BANK11           000B00-000BFF              100
        BANK12           000C00-000CFF              100
        BANK13           000D00-000DFF              100
        BANK14           000E00-000EFF              100
        BANK15           000F00-000FFF              100
        BANK16           001000-0010FF              100
        BANK17           001100-0011FF              100
        BANK18           001200-0012FF              100
        BANK19           001300-0013FF              100
        BANK2            000200-0002FF              100
        BANK20           001400-0014FF              100
        BANK21           001500-0015FF              100
        BANK22           001600-0016FF              100
        BANK23           001700-0017FF              100
        BANK24           001800-0018FF              100
        BANK25           001900-0019FF              100
        BANK26           001A00-001AFF              100
        BANK27           001B00-001BFF              100
        BANK28           001C00-001CFF              100
        BANK29           001D00-001DFF              100
        BANK3            000300-0003FF              100
        BANK30           001E00-001EFF              100
        BANK31           001F00-001FFF              100
        BANK4            000400-0004FF              100
        BANK5            000500-0005FF              100
        BANK6            000600-0006FF              100
        BANK7            000700-0007FF              100
        BANK8            000800-0008FF              100
        BANK9            000900-0009FF              100
        BIGRAM           00004E-001FFF             1FB2
        BIGSFR           003800-003FFF              800
        CODE             00004E-01FFFF            1FFB2
        COMRAM           000000-00005F               60
        CONST            00004E-01FFFF            1FFB2
        EEDATA           310000-3103FF              400
        IDLOC            200000-20000F               10
        MEDIUMCONST      002000-00FFFF             E000
                         012000-01FFFF             E000
        RAM              000060-001FFF              100
        SFR              003800-003FFF              100
        SMALLCONST       002000-01FFFF              100

                                  Symbol Table

__H__absolute__ __absolute__ 000000  __Habsdata      absdata      00004E
__Hcode         code         000000  __Hconfig       config       30000A
__Hdata         data         000000  __Hedata        edata        000000
__Hspace_0      (abs)        00004E  __Hspace_1      (abs)        000000
__Hspace_3      (abs)        000000  __Hspace_4      (abs)        60000A
__Hudata        udata        000000  __Hudata_acs    udata_acs    000000
__Hudata_bank0  udata_bank0  000000  __Hudata_bank1  udata_bank1  000000
__Hudata_bank10 udata_bank10 000000  __Hudata_bank11 udata_bank11 000000
__Hudata_bank12 udata_bank12 000000  __Hudata_bank13 udata_bank13 000000
__Hudata_bank14 udata_bank14 000000  __Hudata_bank15 udata_bank15 000000
__Hudata_bank16 udata_bank16 000000  __Hudata_bank17 udata_bank17 000000
__Hudata_bank18 udata_bank18 000000  __Hudata_bank19 udata_bank19 000000
__Hudata_bank2  udata_bank2  000000  __Hudata_bank20 udata_bank20 000000
__Hudata_bank21 udata_bank21 000000  __Hudata_bank22 udata_bank22 000000
__Hudata_bank23 udata_bank23 000000  __Hudata_bank24 udata_bank24 000000
__Hudata_bank25 udata_bank25 000000  __Hudata_bank26 udata_bank26 000000
__Hudata_bank27 udata_bank27 000000  __Hudata_bank28 udata_bank28 000000
__Hudata_bank29 udata_bank29 000000  __Hudata_bank3  udata_bank3  000000
__Hudata_bank30 udata_bank30 000000  __Hudata_bank31 udata_bank31 000000
__Hudata_bank4  udata_bank4  000000  __Hudata_bank5  udata_bank5  000000
__Hudata_bank6  udata_bank6  000000  __Hudata_bank7  udata_bank7  000000
__Hudata_bank8  udata_bank8  000000  __Hudata_bank9  udata_bank9  000000
__L__absolute__ __absolute__ 000000  __Labsdata      absdata      000000
__Lcode         code         000000  __Lconfig       config       000000
__Ldata         data         000000  __Ledata        edata        000000
__Lspace_0      (abs)        000000  __Lspace_1      (abs)        000000
__Lspace_3      (abs)        000000  __Lspace_4      (abs)        000000
__Ludata        udata        000000  __Ludata_acs    udata_acs    000000
__Ludata_bank0  udata_bank0  000000  __Ludata_bank1  udata_bank1  000000
__Ludata_bank10 udata_bank10 000000  __Ludata_bank11 udata_bank11 000000
__Ludata_bank12 udata_bank12 000000  __Ludata_bank13 udata_bank13 000000
__Ludata_bank14 udata_bank14 000000  __Ludata_bank15 udata_bank15 000000
__Ludata_bank16 udata_bank16 000000  __Ludata_bank17 udata_bank17 000000
__Ludata_bank18 udata_bank18 000000  __Ludata_bank19 udata_bank19 000000
__Ludata_bank2  udata_bank2  000000  __Ludata_bank20 udata_bank20 000000
__Ludata_bank21 udata_bank21 000000  __Ludata_bank22 udata_bank22 000000
__Ludata_bank23 udata_bank23 000000  __Ludata_bank24 udata_bank24 000000
__Ludata_bank25 udata_bank25 000000  __Ludata_bank26 udata_bank26 000000
__Ludata_bank27 udata_bank27 000000  __Ludata_bank28 udata_bank28 000000
__Ludata_bank29 udata_bank29 000000  __Ludata_bank3  udata_bank3  000000
__Ludata_bank30 udata_bank30 000000  __Ludata_bank31 udata_bank31 000000
__Ludata_bank4  udata_bank4  000000  __Ludata_bank5  udata_bank5  000000
__Ludata_bank6  udata_bank6  000000  __Ludata_bank7  udata_bank7  000000
__Ludata_bank8  udata_bank8  000000  __Ludata_bank9  udata_bank9  000000
__S0            (abs)        000000  __S1            (abs)        000000
__S3            (abs)        000000  isa$std         (abs)        000001
isa$xinst       (abs)        000000  
