Microchip MPLAB XC8 PIC(R) Assembler V2.46

Linker command line:

-W-3 \
  --edf=C:\Program Files\Microchip\xc8\v2.46\pic\dat\20240104201356_en.msgs \
  -cs -h+dist/default/debug\FirstAssemblyMPLAB.X.debug.sym \
  --cmf=dist/default/debug\FirstAssemblyMPLAB.X.debug.cmf -z -Q18F46K42 \
  -oC:\Users\alroc\AppData\Local\Temp\xcAsi6o.\driver_tmp_3.o \
  --fixupoverflow=error -ver=XC8 PIC(R) Assembler --fixupoverflow=lstwarn \
  -Mdist/default/debug/FirstAssemblyMPLAB.X.debug.map -E1 --acfsm=1493 \
  -ACODE=00h-0FFFFh -ACONST=00h-0FFFFh -ASMALLCONST=01000h-010FFhx240 \
  -AMEDIUMCONST=01000h-0FFFFh -ACOMRAM=00h-05Fh -AABS1=00h-0FFFh \
  -ABIGRAM=00h-0FFFh -ARAM=060h-0FFh,0100h-01FFhx15 -ABANK0=060h-0FFh \
  -ABANK1=0100h-01FFh -ABANK2=0200h-02FFh -ABANK3=0300h-03FFh \
  -ABANK4=0400h-04FFh -ABANK5=0500h-05FFh -ABANK6=0600h-06FFh \
  -ABANK7=0700h-07FFh -ABANK8=0800h-08FFh -ABANK9=0900h-09FFh \
  -ABANK10=0A00h-0AFFh -ABANK11=0B00h-0BFFh -ABANK12=0C00h-0CFFh \
  -ABANK13=0D00h-0DFFh -ABANK14=0E00h-0EFFh -ABANK15=0F00h-0FFFh \
  -ASFR=03800h-038FFhx7,03F00h-03F5Fh,03F60h-03FFFh -ABIGSFR=03800h-03FFFh \
  -AIDLOC=0200000h-020000Fh -AEEDATA=0310000h-03103FFh \
  build/default/debug/HeatingCoolingControlSystem.o 

Object code version is 3.11

Machine type is 18F46K42



                Name                               Link     Load   Length Selector   Space Scale
build/default/debug/HeatingCoolingControlSystem.o
                config                           300000   300000        A        0       4
                absdata                              24       24       DE        0       0

TOTAL           Name                               Link     Load   Length     Space
        CLASS   CODE           

        CLASS   CONST          

        CLASS   SMALLCONST     

        CLASS   MEDIUMCONST    

        CLASS   COMRAM         

        CLASS   ABS1           

        CLASS   BIGRAM         

        CLASS   RAM            

        CLASS   BANK0          

        CLASS   BANK1          

        CLASS   BANK2          

        CLASS   BANK3          

        CLASS   BANK4          

        CLASS   BANK5          

        CLASS   BANK6          

        CLASS   BANK7          

        CLASS   BANK8          

        CLASS   BANK9          

        CLASS   BANK10         

        CLASS   BANK11         

        CLASS   BANK12         

        CLASS   BANK13         

        CLASS   BANK14         

        CLASS   BANK15         

        CLASS   SFR            

        CLASS   BIGSFR         

        CLASS   IDLOC          

        CLASS   EEDATA         

        CLASS   CONFIG         
                config                           300000   300000        A         4

        CLASS   UNCLASSED
                absdata                              24       24       DE         0


SEGMENTS        Name                           Load    Length   Top    Selector   Space  Class



UNUSED ADDRESS RANGES

        Name                Unused          Largest block    Delta
        BANK0            000060-0000FF               A0
        BANK1            000100-0001FF              100
        BANK10           000A00-000AFF              100
        BANK11           000B00-000BFF              100
        BANK12           000C00-000CFF              100
        BANK13           000D00-000DFF              100
        BANK14           000E00-000EFF              100
        BANK15           000F00-000FFF              100
        BANK2            000200-0002FF              100
        BANK3            000300-0003FF              100
        BANK4            000400-0004FF              100
        BANK5            000500-0005FF              100
        BANK6            000600-0006FF              100
        BANK7            000700-0007FF              100
        BANK8            000800-0008FF              100
        BANK9            000900-0009FF              100
        BIGRAM           000000-000023               24
                         000102-000FFF              EFE
        BIGSFR           003800-003FFF              800
        CODE             000000-000023               24
                         000102-00FFFF             FEFE
        COMRAM           000000-00005F               60
        CONST            000000-000023               24
                         000102-00FFFF             FEFE
        EEDATA           310000-3103FF              400
        IDLOC            200000-20000F               10
        MEDIUMCONST      001000-00FFFF             F000
        RAM              000060-000FFF              100
        SFR              003800-003FFF              100
        SMALLCONST       001000-00FFFF              100

                                  Symbol Table

__H__absolute__ __absolute__ 000000  __Habsdata      absdata      000102
__Hcode         code         000000  __Hconfig       config       30000A
__Hdata         data         000000  __Hedata        edata        000000
__Hspace_0      (abs)        000126  __Hspace_1      (abs)        000000
__Hspace_3      (abs)        000000  __Hspace_4      (abs)        60000A
__Hudata        udata        000000  __Hudata_acs    udata_acs    000000
__Hudata_bank0  udata_bank0  000000  __Hudata_bank1  udata_bank1  000000
__Hudata_bank10 udata_bank10 000000  __Hudata_bank11 udata_bank11 000000
__Hudata_bank12 udata_bank12 000000  __Hudata_bank13 udata_bank13 000000
__Hudata_bank14 udata_bank14 000000  __Hudata_bank15 udata_bank15 000000
__Hudata_bank2  udata_bank2  000000  __Hudata_bank3  udata_bank3  000000
__Hudata_bank4  udata_bank4  000000  __Hudata_bank5  udata_bank5  000000
__Hudata_bank6  udata_bank6  000000  __Hudata_bank7  udata_bank7  000000
__Hudata_bank8  udata_bank8  000000  __Hudata_bank9  udata_bank9  000000
__L__absolute__ __absolute__ 000000  __Labsdata      absdata      000000
__Lcode         code         000000  __Lconfig       config       000000
__Ldata         data         000000  __Ledata        edata        000000
__Lspace_0      (abs)        000000  __Lspace_1      (abs)        000000
__Lspace_3      (abs)        000000  __Lspace_4      (abs)        000000
__Ludata        udata        000000  __Ludata_acs    udata_acs    000000
__Ludata_bank0  udata_bank0  000000  __Ludata_bank1  udata_bank1  000000
__Ludata_bank10 udata_bank10 000000  __Ludata_bank11 udata_bank11 000000
__Ludata_bank12 udata_bank12 000000  __Ludata_bank13 udata_bank13 000000
__Ludata_bank14 udata_bank14 000000  __Ludata_bank15 udata_bank15 000000
__Ludata_bank2  udata_bank2  000000  __Ludata_bank3  udata_bank3  000000
__Ludata_bank4  udata_bank4  000000  __Ludata_bank5  udata_bank5  000000
__Ludata_bank6  udata_bank6  000000  __Ludata_bank7  udata_bank7  000000
__Ludata_bank8  udata_bank8  000000  __Ludata_bank9  udata_bank9  000000
__S0            (abs)        000000  __S1            (abs)        000000
__S3            (abs)        000000  isa$std         (abs)        000001
isa$xinst       (abs)        000000  
